// Jest Snapshot v1, https://goo.gl/fbAQLP

exports[`ControlledButton should render 1`] = `
<body>
  <div>
    <span
      class=""
      data-testid="controlled-button"
      tabindex="-1"
    >
      <button>
        Testing
      </button>
    </span>
  </div>
</body>
`;
