// Jest Snapshot v1, https://goo.gl/fbAQLP

exports[`LineWidget should render 1`] = `
<div>
  <div
    class="MuiPaper-root  makeStyles-widget-3 MuiPaper-elevation0 MuiPaper-rounded"
  >
    <div
      class="makeStyles-widgetTitleMarginBottom-1"
    >
      <p
        class="MuiTypography-root makeStyles-widgetTitle-5 makeStyles-widgetTitleBottomMargin-9 MuiTypography-body1"
      >
        title
      </p>
      <div
        class="makeStyles-widgetContentWrapper-10"
      >
        <span
          class="makeStyles-widgetContentResponsive-16 makeStyles-widgetContent-15"
        >
          1
        </span>
        <div
          class="makeStyles-chipStatusLeftMargin-25"
        />
      </div>
    </div>
    <div
      class="MuiGrid-root MuiGrid-container"
      style="display: flex; justify-content: center; align-items: center; min-height: 335px;"
    >
      <div
        class="MuiGrid-root makeStyles-revenueWidgetContent-2 MuiGrid-item MuiGrid-grid-xs-12 MuiGrid-grid-md-12 MuiGrid-grid-lg-12 MuiGrid-grid-xl-12"
        style="max-height: 370px; height: 370px;"
      >
        <div
          class="VictoryContainer"
          style="height: 100%; width: 100%; user-select: none; pointer-events: none; position: relative;"
        >
          <svg
            height="530"
            role="img"
            style="pointer-events: all; width: 100%; height: 100%;"
            viewBox="0 0 600 530"
            width="600"
          >
            <g
              role="presentation"
            >
              <line
                role="presentation"
                shape-rendering="auto"
                style="stroke: #90A4AE; stroke-width: 0; fill: transparent; stroke-linecap: round; stroke-linejoin: round;"
                vector-effect="non-scaling-stroke"
                x1="35"
                x2="35"
                y1="30"
                y2="490"
              />
              <g
                role="presentation"
              >
                <line
                  role="presentation"
                  shape-rendering="auto"
                  style="stroke: #ECEFF1; stroke-dasharray: 1; stroke-width: 1; fill: none; stroke-linecap: round; stroke-linejoin: round; pointer-events: painted;"
                  vector-effect="non-scaling-stroke"
                  x1="35"
                  x2="590"
                  y1="490"
                  y2="490"
                />
                <line
                  role="presentation"
                  shape-rendering="auto"
                  style="stroke: white; size: 0; fill: transparent; stroke-width: 1; stroke-linecap: round; stroke-linejoin: round;"
                  vector-effect="non-scaling-stroke"
                  x1="35"
                  x2="35"
                  y1="490"
                  y2="490"
                />
                <text
                  direction="inherit"
                  dx="0"
                  id="chart-axis-0-tickLabels-0"
                  x="27"
                  y="495.68"
                >
                  <tspan
                    dx="0"
                    dy="0"
                    style="font-size: 16px; fill: #878787; font-family: 'Helvetica Neue', 'Helvetica', sans-serif; letter-spacing: normal; padding: 8px; stroke: transparent; stroke-width: 0;"
                    text-anchor="end"
                    x="27"
                  />
                </text>
              </g>
              <g
                role="presentation"
              >
                <line
                  role="presentation"
                  shape-rendering="auto"
                  style="stroke: #ECEFF1; stroke-dasharray: 1; stroke-width: 1; fill: none; stroke-linecap: round; stroke-linejoin: round; pointer-events: painted;"
                  vector-effect="non-scaling-stroke"
                  x1="35"
                  x2="590"
                  y1="374.99795718980374"
                  y2="374.99795718980374"
                />
                <line
                  role="presentation"
                  shape-rendering="auto"
                  style="stroke: white; size: 0; fill: transparent; stroke-width: 1; stroke-linecap: round; stroke-linejoin: round;"
                  vector-effect="non-scaling-stroke"
                  x1="35"
                  x2="35"
                  y1="374.99795718980374"
                  y2="374.99795718980374"
                />
                <text
                  direction="inherit"
                  dx="0"
                  id="chart-axis-0-tickLabels-1"
                  x="27"
                  y="380.67795718980375"
                >
                  <tspan
                    dx="0"
                    dy="0"
                    style="font-size: 16px; fill: #878787; font-family: 'Helvetica Neue', 'Helvetica', sans-serif; letter-spacing: normal; padding: 8px; stroke: transparent; stroke-width: 0;"
                    text-anchor="end"
                    x="27"
                  />
                </text>
              </g>
              <g
                role="presentation"
              >
                <line
                  role="presentation"
                  shape-rendering="auto"
                  style="stroke: #ECEFF1; stroke-dasharray: 1; stroke-width: 1; fill: none; stroke-linecap: round; stroke-linejoin: round; pointer-events: painted;"
                  vector-effect="non-scaling-stroke"
                  x1="35"
                  x2="590"
                  y1="260"
                  y2="260"
                />
                <line
                  role="presentation"
                  shape-rendering="auto"
                  style="stroke: white; size: 0; fill: transparent; stroke-width: 1; stroke-linecap: round; stroke-linejoin: round;"
                  vector-effect="non-scaling-stroke"
                  x1="35"
                  x2="35"
                  y1="260"
                  y2="260"
                />
                <text
                  direction="inherit"
                  dx="0"
                  id="chart-axis-0-tickLabels-2"
                  x="27"
                  y="265.68"
                >
                  <tspan
                    dx="0"
                    dy="0"
                    style="font-size: 16px; fill: #878787; font-family: 'Helvetica Neue', 'Helvetica', sans-serif; letter-spacing: normal; padding: 8px; stroke: transparent; stroke-width: 0;"
                    text-anchor="end"
                    x="27"
                  >
                    12
                  </tspan>
                </text>
              </g>
              <g
                role="presentation"
              >
                <line
                  role="presentation"
                  shape-rendering="auto"
                  style="stroke: #ECEFF1; stroke-dasharray: 1; stroke-width: 1; fill: none; stroke-linecap: round; stroke-linejoin: round; pointer-events: painted;"
                  vector-effect="non-scaling-stroke"
                  x1="35"
                  x2="590"
                  y1="145.00204281019626"
                  y2="145.00204281019626"
                />
                <line
                  role="presentation"
                  shape-rendering="auto"
                  style="stroke: white; size: 0; fill: transparent; stroke-width: 1; stroke-linecap: round; stroke-linejoin: round;"
                  vector-effect="non-scaling-stroke"
                  x1="35"
                  x2="35"
                  y1="145.00204281019626"
                  y2="145.00204281019626"
                />
                <text
                  direction="inherit"
                  dx="0"
                  id="chart-axis-0-tickLabels-3"
                  x="27"
                  y="150.68204281019626"
                >
                  <tspan
                    dx="0"
                    dy="0"
                    style="font-size: 16px; fill: #878787; font-family: 'Helvetica Neue', 'Helvetica', sans-serif; letter-spacing: normal; padding: 8px; stroke: transparent; stroke-width: 0;"
                    text-anchor="end"
                    x="27"
                  />
                </text>
              </g>
              <g
                role="presentation"
              >
                <line
                  role="presentation"
                  shape-rendering="auto"
                  style="stroke: #ECEFF1; stroke-dasharray: 1; stroke-width: 1; fill: none; stroke-linecap: round; stroke-linejoin: round; pointer-events: painted;"
                  vector-effect="non-scaling-stroke"
                  x1="35"
                  x2="590"
                  y1="30"
                  y2="30"
                />
                <line
                  role="presentation"
                  shape-rendering="auto"
                  style="stroke: white; size: 0; fill: transparent; stroke-width: 1; stroke-linecap: round; stroke-linejoin: round;"
                  vector-effect="non-scaling-stroke"
                  x1="35"
                  x2="35"
                  y1="30"
                  y2="30"
                />
                <text
                  direction="inherit"
                  dx="0"
                  id="chart-axis-0-tickLabels-4"
                  x="27"
                  y="35.68"
                >
                  <tspan
                    dx="0"
                    dy="0"
                    style="font-size: 16px; fill: #878787; font-family: 'Helvetica Neue', 'Helvetica', sans-serif; letter-spacing: normal; padding: 8px; stroke: transparent; stroke-width: 0;"
                    text-anchor="end"
                    x="27"
                  />
                </text>
              </g>
            </g>
            <g
              role="presentation"
            >
              <line
                role="presentation"
                shape-rendering="auto"
                style="stroke: #eceff1; stroke-width: 1; fill: transparent; stroke-linecap: round; stroke-linejoin: round;"
                vector-effect="non-scaling-stroke"
                x1="35"
                x2="590"
                y1="490"
                y2="490"
              />
              <g
                role="presentation"
              >
                <line
                  role="presentation"
                  shape-rendering="auto"
                  style="stroke: #ECEFF1; stroke-dasharray: 1; stroke-width: 1; display: none; fill: none; stroke-linecap: round; stroke-linejoin: round; pointer-events: painted;"
                  vector-effect="non-scaling-stroke"
                  x1="312.5"
                  x2="312.5"
                  y1="490"
                  y2="30"
                />
                <line
                  role="presentation"
                  shape-rendering="auto"
                  style="stroke: white; size: 0; fill: transparent; stroke-width: 1; stroke-linecap: round; stroke-linejoin: round;"
                  vector-effect="non-scaling-stroke"
                  x1="312.5"
                  x2="312.5"
                  y1="490"
                  y2="490"
                />
                <text
                  direction="inherit"
                  dx="15"
                  id="chart-axis-1-tickLabels-0"
                  x="312.5"
                  y="511.68"
                >
                  <tspan
                    dx="15"
                    dy="0"
                    style="font-size: 16px; fill: #878787; dominant-baseline: hanging; display: block; font-family: 'Helvetica Neue', 'Helvetica', sans-serif; letter-spacing: normal; padding: 8px; stroke: transparent; stroke-width: 0;"
                    text-anchor="middle"
                    x="312.5"
                  >
                    x axis
                  </tspan>
                </text>
              </g>
            </g>
            <g
              clip-path="url(#victory-clip-2)"
              style="height: 100%; width: 100%; user-select: none;"
            >
              <defs>
                <clippath
                  id="victory-clip-2"
                >
                  <rect
                    height="460"
                    vector-effect="non-scaling-stroke"
                    width="555"
                    x="35"
                    y="30"
                  />
                </clippath>
              </defs>
              <path
                role="presentation"
                shape-rendering="auto"
                style="fill: transparent; stroke: #1F86E8; stroke-width: 3; opacity: 1;"
              />
            </g>
          </svg>
          <div
            style="z-index: 99; position: absolute; top: 0px; left: 0px; width: 100%; height: 100%;"
          >
            <svg
              height="530"
              style="overflow: visible; width: 100%; height: 100%;"
              viewBox="0 0 600 530"
              width="600"
            />
          </div>
        </div>
      </div>
    </div>
  </div>
</div>
`;
