// Jest Snapshot v1, https://goo.gl/fbAQLP

exports[`UsersTab should render 1`] = `
<div>
  <div
    class="makeStyles-filterActionsContainer-139"
  >
    <div
      class="MuiBox-root MuiBox-root-167 makeStyles-filterStatusContainer-142"
    >
      <p
        class="MuiTypography-root makeStyles-filterTextColor-150 MuiTypography-body1"
      >
        Show all Projects
      </p>
      <div
        class="makeStyles-filterWrapper-147"
      >
        <hr
          class="MuiDivider-root makeStyles-dividerNoSpacing-153 MuiDivider-flexItem MuiDivider-vertical"
        />
        <span
          class="makeStyles-dropdownIcon-151"
        >
          <div
            class="makeStyles-iconInactive-168"
            data-testid="popover-wrapper"
          >
            <span
              class=""
              data-testid="controlled-button"
              tabindex="-1"
            >
              <button
                aria-haspopup="true"
                class="MuiButtonBase-root MuiIconButton-root MuiIconButton-colorPrimary"
                data-testid="popover-button"
                tabindex="0"
                type="button"
              >
                <span
                  class="MuiIconButton-label"
                >
                  <svg>
                    expand.svg
                  </svg>
                </span>
              </button>
            </span>
            
          </div>
        </span>
      </div>
    </div>
  </div>
  <table
    aria-label="user-list"
    class="MuiTable-root"
  >
    <thead
      class="MuiTableHead-root"
    >
      <tr
        class="MuiTableRow-root MuiTableRow-head"
      >
        <th
          class="MuiTableCell-root MuiTableCell-head"
          scope="col"
        >
          Name
        </th>
        <th
          class="MuiTableCell-root MuiTableCell-head"
          scope="col"
        >
          Title
        </th>
        <th
          class="MuiTableCell-root MuiTableCell-head"
          scope="col"
        >
          Email
        </th>
        <th
          class="MuiTableCell-root MuiTableCell-head"
          scope="col"
        >
          Mobile Phone
        </th>
        <th
          class="MuiTableCell-root MuiTableCell-head"
          scope="col"
        >
          Office Phone
        </th>
      </tr>
    </thead>
    <tbody
      class="MuiTableBody-root"
    >
      <tr
        class="MuiTableRow-root WithStyles(ForwardRef(TableRow))-root-172"
        data-testid="user-client-list-row"
      >
        <td
          class="MuiTableCell-root MuiTableCell-body makeStyles-cellAvatar-154"
        >
          <div
            class="MuiAvatar-root MuiAvatar-circle MuiAvatar-colorDefault"
          >
            <svg
              aria-hidden="true"
              class="MuiSvgIcon-root"
              focusable="false"
              viewBox="0 0 24 24"
            >
              <path
                d="M12 12c2.21 0 4-1.79 4-4s-1.79-4-4-4-4 1.79-4 4 1.79 4 4 4zm0 2c-2.67 0-8 1.34-8 4v2h16v-2c0-2.66-5.33-4-8-4z"
              />
            </svg>
          </div>
          <span>
            Pedro
             
            Martin
          </span>
        </td>
        <td
          class="MuiTableCell-root MuiTableCell-body"
        >
          -
        </td>
        <td
          class="MuiTableCell-root MuiTableCell-body makeStyles-boldAccentAnchor-123"
        >
          <a
            href="mailto:user@test.com"
          >
            user@test.com
          </a>
        </td>
        <td
          class="MuiTableCell-root MuiTableCell-body"
        >
          -
        </td>
        <td
          class="MuiTableCell-root MuiTableCell-body"
        >
          -
        </td>
      </tr>
    </tbody>
  </table>
  <nav
    aria-label="pagination navigation"
    class="MuiPagination-root  makeStyles-pagination-173"
    data-testid="pagination"
  >
    <ul
      class="MuiPagination-ul"
    >
      <li>
        <button
          aria-label="Go to previous page"
          class="MuiButtonBase-root MuiPaginationItem-root MuiPaginationItem-page Mui-disabled Mui-disabled"
          disabled=""
          tabindex="-1"
          type="button"
        >
          <svg
            aria-hidden="true"
            class="MuiSvgIcon-root MuiPaginationItem-icon"
            focusable="false"
            viewBox="0 0 24 24"
          >
            <path
              d="M15.41 7.41L14 6l-6 6 6 6 1.41-1.41L10.83 12z"
            />
          </svg>
        </button>
      </li>
      <li>
        <button
          aria-label="Go to next page"
          class="MuiButtonBase-root MuiPaginationItem-root MuiPaginationItem-page"
          tabindex="0"
          type="button"
        >
          <svg
            aria-hidden="true"
            class="MuiSvgIcon-root MuiPaginationItem-icon"
            focusable="false"
            viewBox="0 0 24 24"
          >
            <path
              d="M10 6L8.59 7.41 13.17 12l-4.58 4.59L10 18l6-6z"
            />
          </svg>
          <span
            class="MuiTouchRipple-root"
          />
        </button>
      </li>
    </ul>
  </nav>
</div>
`;

exports[`UsersTab should render empty 1`] = `
<div>
  <div
    class=" makeStyles-container-50"
  >
    <div>
      <div
        class="MuiAvatar-root MuiAvatar-circle makeStyles-missingAvatarWrapper-61 makeStyles-missingAvatarBig-62 MuiAvatar-colorDefault"
      >
        <svg>
          projects.svg
        </svg>
      </div>
    </div>
    <p
      class="MuiTypography-root makeStyles-missingListText-51 MuiTypography-body1"
    >
      There are no Users assigned
    </p>
  </div>
</div>
`;

exports[`UsersTab should render loading 1`] = `
<div>
  Loading...
</div>
`;
