// Jest Snapshot v1, https://goo.gl/fbAQLP

exports[`ButtonTab should render 1`] = `
<div>
  <button
    class="MuiButtonBase-root MuiButton-root MuiButton-text"
    data-testid="filter-status-opt"
    tabindex="0"
    type="button"
  >
    <span
      class="MuiButton-label"
    >
      filter
    </span>
    <span
      class="MuiTouchRipple-root"
    />
  </button>
</div>
`;
